[    0.000000] Linux version 4.15.0-135-generic (buildd@lgw01-amd64-005) (gcc version 7.5.0 (Ubuntu 7.5.0-3ubuntu1~18.04)) #139-Ubuntu SMP Mon Jan 18 17:38:24 UTC 2021 (Ubuntu 4.15.0-135.139-generic 4.15.18)
[    0.000000] Command line: BOOT_IMAGE=/boot/vmlinuz-4.15.0-135-generic root=LABEL=cloudimg-rootfs ro console=tty1 console=ttyS0
[    0.000000] KERNEL supported cpus:
[    0.000000]   Intel GenuineIntel
[    0.000000]   AMD AuthenticAMD
[    0.000000]   Centaur CentaurHauls
[    0.000000] x86/fpu: Supporting XSAVE feature 0x001: 'x87 floating point registers'
[    0.000000] x86/fpu: Supporting XSAVE feature 0x002: 'SSE registers'
[    0.000000] x86/fpu: Supporting XSAVE feature 0x004: 'AVX registers'
[    0.000000] x86/fpu: xstate_offset[2]:  576, xstate_sizes[2]:  256
[    0.000000] x86/fpu: Enabled xstate features 0x7, context size is 832 bytes, using 'standard' format.
[    0.000000] e820: BIOS-provided physical RAM map:
[    0.000000] BIOS-e820: [mem 0x0000000000000000-0x000000000009fbff] usable
[    0.000000] BIOS-e820: [mem 0x000000000009fc00-0x000000000009ffff] reserved
[    0.000000] BIOS-e820: [mem 0x00000000000f0000-0x00000000000fffff] reserved
[    0.000000] BIOS-e820: [mem 0x0000000000100000-0x000000003ffeffff] usable
[    0.000000] BIOS-e820: [mem 0x000000003fff0000-0x000000003fffffff] ACPI data
[    0.000000] BIOS-e820: [mem 0x00000000fec00000-0x00000000fec00fff] reserved
[    0.000000] BIOS-e820: [mem 0x00000000fee00000-0x00000000fee00fff] reserved
[    0.000000] BIOS-e820: [mem 0x00000000fffc0000-0x00000000ffffffff] reserved
[    0.000000] NX (Execute Disable) protection: active
[    0.000000] SMBIOS 2.5 present.
[    0.000000] DMI: innotek GmbH VirtualBox/VirtualBox, BIOS VirtualBox 12/01/2006
[    0.000000] Hypervisor detected: KVM
[    0.000000] e820: last_pfn = 0x3fff0 max_arch_pfn = 0x400000000
[    0.000000] MTRR: Disabled
[    0.000000] x86/PAT: MTRRs disabled, skipping PAT initialization too.
[    0.000000] CPU MTRRs all blank - virtualized system.
[    0.000000] x86/PAT: Configuration [0-7]: WB  WT  UC- UC  WB  WT  UC- UC  
[    0.000000] found SMP MP-table at [mem 0x0009fff0-0x0009ffff]
[    0.000000] Scanning 1 areas for low memory corruption
[    0.000000] RAMDISK: [mem 0x35a63000-0x36d28fff]
[    0.000000] ACPI: Early table checksum verification disabled
[    0.000000] ACPI: RSDP 0x00000000000E0000 000024 (v02 VBOX  )
[    0.000000] ACPI: XSDT 0x000000003FFF0030 00003C (v01 VBOX   VBOXXSDT 00000001 ASL  00000061)
[    0.000000] ACPI: FACP 0x000000003FFF00F0 0000F4 (v04 VBOX   VBOXFACP 00000001 ASL  00000061)
[    0.000000] ACPI: DSDT 0x000000003FFF0470 002325 (v02 VBOX   VBOXBIOS 00000002 INTL 20100528)
[    0.000000] ACPI: FACS 0x000000003FFF0200 000040
[    0.000000] ACPI: FACS 0x000000003FFF0200 000040
[    0.000000] ACPI: APIC 0x000000003FFF0240 00005C (v02 VBOX   VBOXAPIC 00000001 ASL  00000061)
[    0.000000] ACPI: SSDT 0x000000003FFF02A0 0001CC (v01 VBOX   VBOXCPUT 00000002 INTL 20100528)
[    0.000000] No NUMA configuration found
[    0.000000] Faking a node at [mem 0x0000000000000000-0x000000003ffeffff]
[    0.000000] NODE_DATA(0) allocated [mem 0x3ffc5000-0x3ffeffff]
[    0.000000] kvm-clock: cpu 0, msr 0:3ff44001, primary cpu clock
[    0.000000] kvm-clock: Using msrs 4b564d01 and 4b564d00
[    0.000000] kvm-clock: using sched offset of 3892244867 cycles
[    0.000000] clocksource: kvm-clock: mask: 0xffffffffffffffff max_cycles: 0x1cd42e4dffb, max_idle_ns: 881590591483 ns
[    0.000000] Zone ranges:
[    0.000000]   DMA      [mem 0x0000000000001000-0x0000000000ffffff]
[    0.000000]   DMA32    [mem 0x0000000001000000-0x000000003ffeffff]
[    0.000000]   Normal   empty
[    0.000000]   Device   empty
[    0.000000] Movable zone start for each node
[    0.000000] Early memory node ranges
[    0.000000]   node   0: [mem 0x0000000000001000-0x000000000009efff]
[    0.000000]   node   0: [mem 0x0000000000100000-0x000000003ffeffff]
[    0.000000] Reserved but unavailable: 98 pages
[    0.000000] Initmem setup node 0 [mem 0x0000000000001000-0x000000003ffeffff]
[    0.000000] ACPI: PM-Timer IO Port: 0x4008
[    0.000000] IOAPIC[0]: apic_id 2, version 32, address 0xfec00000, GSI 0-23
[    0.000000] ACPI: INT_SRC_OVR (bus 0 bus_irq 0 global_irq 2 dfl dfl)
[    0.000000] ACPI: INT_SRC_OVR (bus 0 bus_irq 9 global_irq 9 low level)
[    0.000000] Using ACPI (MADT) for SMP configuration information
[    0.000000] smpboot: Allowing 2 CPUs, 0 hotplug CPUs
[    0.000000] PM: Registered nosave memory: [mem 0x00000000-0x00000fff]
[    0.000000] PM: Registered nosave memory: [mem 0x0009f000-0x0009ffff]
[    0.000000] PM: Registered nosave memory: [mem 0x000a0000-0x000effff]
[    0.000000] PM: Registered nosave memory: [mem 0x000f0000-0x000fffff]
[    0.000000] e820: [mem 0x40000000-0xfebfffff] available for PCI devices
[    0.000000] Booting paravirtualized kernel on KVM
[    0.000000] clocksource: refined-jiffies: mask: 0xffffffff max_cycles: 0xffffffff, max_idle_ns: 7645519600211568 ns
[    0.000000] random: get_random_bytes called from start_kernel+0x99/0x500 with crng_init=0
[    0.000000] setup_percpu: NR_CPUS:8192 nr_cpumask_bits:2 nr_cpu_ids:2 nr_node_ids:1
[    0.000000] percpu: Embedded 45 pages/cpu s147456 r8192 d28672 u1048576
[    0.000000] PV qspinlock hash table entries: 256 (order: 0, 4096 bytes)
[    0.000000] Built 1 zonelists, mobility grouping on.  Total pages: 257913
[    0.000000] Policy zone: DMA32
[    0.000000] Kernel command line: BOOT_IMAGE=/boot/vmlinuz-4.15.0-135-generic root=LABEL=cloudimg-rootfs ro console=tty1 console=ttyS0
[    0.000000] Memory: 983020K/1048120K available (12300K kernel code, 2482K rwdata, 4276K rodata, 2440K init, 2724K bss, 65100K reserved, 0K cma-reserved)
[    0.000000] SLUB: HWalign=64, Order=0-3, MinObjects=0, CPUs=2, Nodes=1
[    0.000000] Kernel/User page tables isolation: enabled
[    0.000000] ftrace: allocating 39422 entries in 154 pages
[    0.004000] Hierarchical RCU implementation.
[    0.004000] 	RCU restricting CPUs from NR_CPUS=8192 to nr_cpu_ids=2.
[    0.004000] 	Tasks RCU enabled.
[    0.004000] RCU: Adjusting geometry for rcu_fanout_leaf=16, nr_cpu_ids=2
[    0.004000] NR_IRQS: 524544, nr_irqs: 440, preallocated irqs: 16
[    0.004000] Console: colour VGA+ 80x25
[    0.004000] console [tty1] enabled
[    0.004000] console [ttyS0] enabled
[    0.004000] ACPI: Core revision 20170831
[    0.004000] ACPI: 2 ACPI AML tables successfully acquired and loaded
[    0.004000] APIC: Switch to symmetric I/O mode setup
[    0.004000] x2apic enabled
[    0.004000] Switched APIC routing to physical x2apic.
[    0.004000] ..TIMER: vector=0x30 apic1=0 pin1=2 apic2=-1 pin2=-1
[    0.004004] tsc: Detected 2400.000 MHz processor
[    0.004847] Calibrating delay loop (skipped) preset value.. 4800.00 BogoMIPS (lpj=9600000)
[    0.005537] pid_max: default: 32768 minimum: 301
[    0.008039] Security Framework initialized
[    0.008903] Yama: becoming mindful.
[    0.009923] AppArmor: AppArmor initialized
[    0.012000] Dentry cache hash table entries: 131072 (order: 8, 1048576 bytes)
[    0.012079] Inode-cache hash table entries: 65536 (order: 7, 524288 bytes)
[    0.013606] Mount-cache hash table entries: 2048 (order: 2, 16384 bytes)
[    0.016008] Mountpoint-cache hash table entries: 2048 (order: 2, 16384 bytes)
[    0.017726] Last level iTLB entries: 4KB 64, 2MB 8, 4MB 8
[    0.018774] Last level dTLB entries: 4KB 64, 2MB 0, 4MB 0, 1GB 4
[    0.020002] Spectre V1 : Mitigation: usercopy/swapgs barriers and __user pointer sanitization
[    0.021702] Spectre V2 : Mitigation: Full generic retpoline
[    0.022958] Spectre V2 : Spectre v2 / SpectreRSB mitigation: Filling RSB on context switch
[    0.024003] Speculative Store Bypass: Vulnerable
[    0.024952] SRBDS: Unknown: Dependent on hypervisor status
[    0.026014] MDS: Mitigation: Clear CPU buffers
[    0.027315] Freeing SMP alternatives memory: 36K
[    0.138503] smpboot: CPU0: Intel(R) Core(TM) i5-6200U CPU @ 2.30GHz (family: 0x6, model: 0x4e, stepping: 0x3)
[    0.140000] Performance Events: unsupported p6 CPU model 78 no PMU driver, software events only.
[    0.140051] Hierarchical SRCU implementation.
[    0.142058] NMI watchdog: Perf event create on CPU 0 failed with -2
[    0.144003] NMI watchdog: Perf NMI watchdog permanently disabled
[    0.145453] smp: Bringing up secondary CPUs ...
[    0.146537] x86: Booting SMP configuration:
[    0.148002] .... node  #0, CPUs:      #1
[    0.004000] kvm-clock: cpu 1, msr 0:3ff44041, secondary cpu clock
[    0.152022] smp: Brought up 1 node, 2 CPUs
[    0.153170] smpboot: Max logical packages: 1
[    0.154391] smpboot: Total of 2 processors activated (9600.00 BogoMIPS)
[    0.156175] devtmpfs: initialized
[    0.156806] x86/mm: Memory block size: 128MB
[    0.157904] evm: security.selinux
[    0.160003] evm: security.SMACK64
[    0.160959] evm: security.SMACK64EXEC
[    0.161810] evm: security.SMACK64TRANSMUTE
[    0.162798] evm: security.SMACK64MMAP
[    0.163647] evm: security.apparmor
[    0.164003] evm: security.ima
[    0.164744] evm: security.capability
[    0.165605] clocksource: jiffies: mask: 0xffffffff max_cycles: 0xffffffff, max_idle_ns: 7645041785100000 ns
[    0.168013] futex hash table entries: 512 (order: 3, 32768 bytes)
[    0.172037] pinctrl core: initialized pinctrl subsystem
[    0.173345] RTC time: 18:22:33, date: 02/11/21
[    0.176191] NET: Registered protocol family 16
[    0.177468] audit: initializing netlink subsys (disabled)
[    0.180030] audit: type=2000 audit(1613067758.995:1): state=initialized audit_enabled=0 res=1
[    0.180209] cpuidle: using governor ladder
[    0.181152] cpuidle: using governor menu
[    0.184036] ACPI: bus type PCI registered
[    0.185304] acpiphp: ACPI Hot Plug PCI Controller Driver version: 0.5
[    0.187439] PCI: Using configuration type 1 for base access
[    0.189243] HugeTLB registered 2.00 MiB page size, pre-allocated 0 pages
[    0.192099] ACPI: Added _OSI(Module Device)
[    0.192955] ACPI: Added _OSI(Processor Device)
[    0.193851] ACPI: Added _OSI(3.0 _SCP Extensions)
[    0.196004] ACPI: Added _OSI(Processor Aggregator Device)
[    0.197171] ACPI: Added _OSI(Linux-Dell-Video)
[    0.198051] ACPI: Added _OSI(Linux-Lenovo-NV-HDMI-Audio)
[    0.199051] ACPI: Added _OSI(Linux-HPI-Hybrid-Graphics)
[    0.200248] ACPI: Executed 1 blocks of module-level executable AML code
[    0.205116] ACPI: Interpreter enabled
[    0.206237] ACPI: (supports S0 S5)
[    0.207268] ACPI: Using IOAPIC for interrupt routing
[    0.208248] PCI: Using host bridge windows from ACPI; if necessary, use "pci=nocrs" and report a bug
[    0.210295] ACPI: Enabled 2 GPEs in block 00 to 07
[    0.218715] ACPI: PCI Root Bridge [PCI0] (domain 0000 [bus 00-ff])
[    0.220009] acpi PNP0A03:00: _OSC: OS supports [ASPM ClockPM Segments MSI]
[    0.222143] acpi PNP0A03:00: _OSC: not requesting OS control; OS requires [ExtendedConfig ASPM ClockPM MSI]
[    0.224013] acpi PNP0A03:00: fail to add MMCONFIG information, can't access extended PCI configuration space under this bridge.
[    0.227099] PCI host bridge to bus 0000:00
[    0.228004] pci_bus 0000:00: root bus resource [io  0x0000-0x0cf7 window]
[    0.229599] pci_bus 0000:00: root bus resource [io  0x0d00-0xffff window]
[    0.230790] pci_bus 0000:00: root bus resource [mem 0x000a0000-0x000bffff window]
[    0.232003] pci_bus 0000:00: root bus resource [mem 0x40000000-0xfdffffff window]
[    0.233438] pci_bus 0000:00: root bus resource [bus 00-ff]
[    0.238118] pci 0000:00:01.1: legacy IDE quirk: reg 0x10: [io  0x01f0-0x01f7]
[    0.239497] pci 0000:00:01.1: legacy IDE quirk: reg 0x14: [io  0x03f6]
[    0.240003] pci 0000:00:01.1: legacy IDE quirk: reg 0x18: [io  0x0170-0x0177]
[    0.242232] pci 0000:00:01.1: legacy IDE quirk: reg 0x1c: [io  0x0376]
[    0.263835] pci 0000:00:07.0: quirk: [io  0x4000-0x403f] claimed by PIIX4 ACPI
[    0.264019] pci 0000:00:07.0: quirk: [io  0x4100-0x410f] claimed by PIIX4 SMB
[    0.274405] ACPI: PCI Interrupt Link [LNKA] (IRQs 5 9 10 *11)
[    0.276401] ACPI: PCI Interrupt Link [LNKB] (IRQs 5 9 *10 11)
[    0.278022] ACPI: PCI Interrupt Link [LNKC] (IRQs 5 *9 10 11)
[    0.279442] ACPI: PCI Interrupt Link [LNKD] (IRQs 5 9 10 *11)
[    0.280392] SCSI subsystem initialized
[    0.281549] pci 0000:00:02.0: vgaarb: setting as boot VGA device
[    0.281678] pci 0000:00:02.0: vgaarb: VGA device added: decodes=io+mem,owns=io+mem,locks=none
[    0.284011] pci 0000:00:02.0: vgaarb: bridge control possible
[    0.285335] vgaarb: loaded
[    0.288046] ACPI: bus type USB registered
[    0.288876] usbcore: registered new interface driver usbfs
[    0.289998] usbcore: registered new interface driver hub
[    0.291095] usbcore: registered new device driver usb
[    0.293051] EDAC MC: Ver: 3.0.0
[    0.293051] PCI: Using ACPI for IRQ routing
[    0.293665] NetLabel: Initializing
[    0.296004] NetLabel:  domain hash size = 128
[    0.296921] NetLabel:  protocols = UNLABELED CIPSOv4 CALIPSO
[    0.298056] NetLabel:  unlabeled traffic allowed by default
[    0.300085] clocksource: Switched to clocksource kvm-clock
[    0.321355] VFS: Disk quotas dquot_6.6.0
[    0.322495] VFS: Dquot-cache hash table entries: 512 (order 0, 4096 bytes)
[    0.324256] AppArmor: AppArmor Filesystem Enabled
[    0.325608] pnp: PnP ACPI init
[    0.327742] pnp: PnP ACPI: found 3 devices
[    0.341744] clocksource: acpi_pm: mask: 0xffffff max_cycles: 0xffffff, max_idle_ns: 2085701024 ns
[    0.344484] NET: Registered protocol family 2
[    0.345533] TCP established hash table entries: 8192 (order: 4, 65536 bytes)
[    0.347045] TCP bind hash table entries: 8192 (order: 5, 131072 bytes)
[    0.352213] TCP: Hash tables configured (established 8192 bind 8192)
[    0.354512] UDP hash table entries: 512 (order: 2, 16384 bytes)
[    0.356192] UDP-Lite hash table entries: 512 (order: 2, 16384 bytes)
[    0.357930] NET: Registered protocol family 1
[    0.359099] pci 0000:00:00.0: Limiting direct PCI/PCI transfers
[    0.360183] pci 0000:00:01.0: Activating ISA DMA hang workarounds
[    0.361300] pci 0000:00:02.0: Video device with shadowed ROM at [mem 0x000c0000-0x000dffff]
[    0.363446] Unpacking initramfs...
[    0.819335] Freeing initrd memory: 19224K
[    0.820473] clocksource: tsc: mask: 0xffffffffffffffff max_cycles: 0x22983777dd9, max_idle_ns: 440795300422 ns
[    0.822986] platform rtc_cmos: registered platform RTC device (no PNP device found)
[    0.826811] Scanning for low memory corruption every 60 seconds
[    0.829853] Initialise system trusted keyrings
[    0.830942] Key type blacklist registered
[    0.832786] workingset: timestamp_bits=36 max_order=18 bucket_order=0
[    0.835837] zbud: loaded
[    0.837605] squashfs: version 4.0 (2009/01/31) Phillip Lougher
[    0.839274] fuse init (API version 7.26)
[    0.843251] Key type asymmetric registered
[    0.844488] Asymmetric key parser 'x509' registered
[    0.846397] Block layer SCSI generic (bsg) driver version 0.4 loaded (major 246)
[    0.849042] io scheduler noop registered
[    0.850508] io scheduler deadline registered
[    0.853025] io scheduler cfq registered (default)
[    0.854569] ACPI: AC Adapter [AC] (on-line)
[    0.855706] input: Power Button as /devices/LNXSYSTM:00/LNXPWRBN:00/input/input0
[    0.857170] ACPI: Power Button [PWRF]
[    0.858340] input: Sleep Button as /devices/LNXSYSTM:00/LNXSLPBN:00/input/input1
[    0.860392] ACPI: Sleep Button [SLPF]
[    0.862836] ACPI: Battery Slot [BAT0] (battery present)
[    0.864208] Serial: 8250/16550 driver, 32 ports, IRQ sharing enabled
[    0.887967] 00:02: ttyS0 at I/O 0x3f8 (irq = 4, base_baud = 115200) is a 16550A
[    0.890968] Linux agpgart interface v0.103
[    0.893069] loop: module loaded
[    0.895007] scsi host0: ata_piix
[    0.895880] scsi host1: ata_piix
[    0.896730] ata1: PATA max UDMA/33 cmd 0x1f0 ctl 0x3f6 bmdma 0xd000 irq 14
[    0.898293] ata2: PATA max UDMA/33 cmd 0x170 ctl 0x376 bmdma 0xd008 irq 15
[    0.899912] libphy: Fixed MDIO Bus: probed
[    0.900906] tun: Universal TUN/TAP device driver, 1.6
[    0.902371] PPP generic driver version 2.4.2
[    0.903437] ehci_hcd: USB 2.0 'Enhanced' Host Controller (EHCI) Driver
[    0.905473] ehci-pci: EHCI PCI platform driver
[    0.906478] ehci-platform: EHCI generic platform driver
[    0.907615] ohci_hcd: USB 1.1 'Open' Host Controller (OHCI) Driver
[    0.908927] ohci-pci: OHCI PCI platform driver
[    0.909957] ohci-platform: OHCI generic platform driver
[    0.910995] uhci_hcd: USB Universal Host Controller Interface driver
[    0.912391] i8042: PNP: PS/2 Controller [PNP0303:PS2K,PNP0f03:PS2M] at 0x60,0x64 irq 1,12
[    0.914811] serio: i8042 KBD port at 0x60,0x64 irq 1
[    0.916158] serio: i8042 AUX port at 0x60,0x64 irq 12
[    0.917273] mousedev: PS/2 mouse device common for all mice
[    0.919118] input: AT Translated Set 2 keyboard as /devices/platform/i8042/serio0/input/input2
[    0.921792] rtc_cmos rtc_cmos: rtc core: registered rtc_cmos as rtc0
[    0.923095] rtc_cmos rtc_cmos: alarms up to one day, 114 bytes nvram
[    0.924417] i2c /dev entries driver
[    0.925514] device-mapper: uevent: version 1.0.3
[    0.927096] device-mapper: ioctl: 4.37.0-ioctl (2017-09-20) initialised: dm-devel@redhat.com
[    0.929240] ledtrig-cpu: registered to indicate activity on CPUs
[    0.931051] NET: Registered protocol family 10
[    0.936357] Segment Routing with IPv6
[    0.937397] NET: Registered protocol family 17
[    0.938457] Key type dns_resolver registered
[    0.939684] mce: Using 0 MCE banks
[    0.940446] RAS: Correctable Errors collector initialized.
[    0.941486] sched_clock: Marking stable (940426726, 0)->(1126308059, -185881333)
[    0.943425] registered taskstats version 1
[    0.944428] Loading compiled-in X.509 certificates
[    0.948573] Loaded X.509 cert 'Build time autogenerated kernel key: 399a566a2ea98257ce6f7132c633527e9761cd56'
[    0.951312] zswap: loaded using pool lzo/zbud
[    0.956767] Key type big_key registered
[    0.957798] Key type trusted registered
[    0.960717] Key type encrypted registered
[    0.961609] AppArmor: AppArmor sha1 policy hashing enabled
[    0.962784] ima: No TPM chip found, activating TPM-bypass! (rc=-19)
[    0.964179] ima: Allocated hash algorithm: sha1
[    0.965286] evm: HMAC attrs: 0x1
[    0.966250]   Magic number: 9:533:392
[    0.967089] rtc_cmos rtc_cmos: setting system clock to 2021-02-11 18:22:34 UTC (1613067754)
[    0.968828] BIOS EDD facility v0.16 2004-Jun-25, 0 devices found
[    0.970060] EDD information not available.
[    1.095057] Freeing unused kernel image memory: 2440K
[    1.108512] Write protecting the kernel read-only data: 20480k
[    1.110907] Freeing unused kernel image memory: 2008K
[    1.112652] Freeing unused kernel image memory: 1868K
[    1.120824] x86/mm: Checked W+X mappings: passed, no W+X pages found.
[    1.122472] x86/mm: Checking user space page tables
[    1.130194] x86/mm: Checked W+X mappings: passed, no W+X pages found.
Loading, please wait...
starting version 237
[    1.219260] Fusion MPT base driver 3.04.20
[    1.220226] Copyright (c) 1999-2008 LSI Corporation
[    1.242212] e1000: Intel(R) PRO/1000 Network Driver - version 7.3.21-k8-NAPI
[    1.244195] e1000: Copyright (c) 1999-2006 Intel Corporation.
[    1.263024] Fusion MPT SPI Host driver 3.04.20
[    1.270315] AVX2 version of gcm_enc/dec engaged.
[    1.271748] AES CTR mode by8 optimization enabled
[    1.475654] input: ImExPS/2 Generic Explorer Mouse as /devices/platform/i8042/serio1/input/input4
[    1.885094] e1000 0000:00:03.0 eth0: (PCI:33MHz:32-bit) 02:54:31:68:18:3c
[    1.948210] e1000 0000:00:03.0 eth0: Intel(R) PRO/1000 Network Connection
[    1.951715] e1000 0000:00:03.0 enp0s3: renamed from eth0
[    1.952114] mptbase: ioc0: Initiating bringup
[    2.831412] ioc0: LSI53C1030 A0: Capabilities={Initiator}
[    5.316477] scsi host2: ioc0: LSI53C1030 A0, FwRev=00000000h, Ports=1, MaxQ=256, IRQ=20
[    7.216108] scsi 2:0:0:0: Direct-Access     VBOX     HARDDISK         1.0  PQ: 0 ANSI: 5
[    7.923125] scsi target2:0:0: Beginning Domain Validation
[    7.947411] scsi target2:0:0: Domain Validation skipping write tests
[    7.973905] scsi target2:0:0: Ending Domain Validation
[    7.977926] scsi target2:0:0: asynchronous
[    7.981980] scsi 2:0:1:0: Direct-Access     VBOX     HARDDISK         1.0  PQ: 0 ANSI: 5
[    8.829385] scsi target2:0:1: Beginning Domain Validation
[    8.831869] random: fast init done
[    8.832843] scsi target2:0:1: Domain Validation skipping write tests
[    8.835013] scsi target2:0:1: Ending Domain Validation
[    8.836443] scsi target2:0:1: asynchronous
[    8.842425] random: systemd-udevd: uninitialized urandom read (16 bytes read)
[    8.848397] random: systemd-udevd: uninitialized urandom read (16 bytes read)
[    8.850037] random: systemd-udevd: uninitialized urandom read (16 bytes read)
[    8.852315] sd 2:0:0:0: Attached scsi generic sg0 type 0
[    8.853786] sd 2:0:0:0: [sda] 83886080 512-byte logical blocks: (42.9 GB/40.0 GiB)
[    8.855799] sd 2:0:0:0: [sda] Write Protect is off
[    8.857213] sd 2:0:0:0: [sda] Incomplete mode parameter data
[    8.859050] sd 2:0:0:0: [sda] Assuming drive cache: write through
[    8.860703] sd 2:0:1:0: [sdb] 20480 512-byte logical blocks: (10.5 MB/10.0 MiB)
[    8.862568] sd 2:0:1:0: [sdb] Write Protect is off
[    8.863632] sd 2:0:1:0: Attached scsi generic sg1 type 0
[    8.864986] sd 2:0:1:0: [sdb] Incomplete mode parameter data
[    8.866756] sd 2:0:1:0: [sdb] Assuming drive cache: write through
[    8.867088]  sda: sda1
[    8.873542] sd 2:0:0:0: [sda] Attached SCSI disk
[    8.878848] sd 2:0:1:0: [sdb] Attached SCSI disk
Begin: Loading essential drivers ... [   11.324609] raid6: sse2x1   gen()  8617 MB/s
[   11.372478] raid6: sse2x1   xor()  6227 MB/s
[   11.421253] raid6: sse2x2   gen() 11079 MB/s
[   11.468120] raid6: sse2x2   xor()  7006 MB/s
[   11.516025] raid6: sse2x4   gen() 11921 MB/s
[   11.564752] raid6: sse2x4   xor()  7799 MB/s
[   11.612574] raid6: avx2x1   gen() 17494 MB/s
[   11.660358] raid6: avx2x1   xor() 10143 MB/s
[   11.708207] raid6: avx2x2   gen() 16237 MB/s
[   11.756049] raid6: avx2x2   xor()  9916 MB/s
[   11.804832] raid6: avx2x4   gen() 15737 MB/s
[   11.852641] raid6: avx2x4   xor()  9864 MB/s
[   11.853701] raid6: using algorithm avx2x1 gen() 17494 MB/s
[   11.854796] raid6: .... xor() 10143 MB/s, rmw enabled
[   11.855889] raid6: using avx2x2 recovery algorithm
[   11.858538] xor: automatically using best checksumming function   avx       
[   11.861602] async_tx: api initialized (async)
done.
Begin: Running /scripts/init-premount ... done.
Begin: Mounting root file system ... Begin: Running /scripts/local-top ... done.
Begin: Running /scripts/local-premount ... [   11.915427] Btrfs loaded, crc32c=crc32c-intel
Scanning for Btrfs filesystems
done.
Warning: fsck not present, so skipping root file system
[   11.959062] EXT4-fs (sda1): mounted filesystem with ordered data mode. Opts: (null)
done.
Begin: Running /scripts/local-bottom ... done.
Begin: Running /scripts/init-bottom ... done.
[   12.231104] ip_tables: (C) 2000-2006 Netfilter Core Team
[   12.256945] systemd[1]: systemd 237 running in system mode. (+PAM +AUDIT +SELINUX +IMA +APPARMOR +SMACK +SYSVINIT +UTMP +LIBCRYPTSETUP +GCRYPT +GNUTLS +ACL +XZ +LZ4 +SECCOMP +BLKID +ELFUTILS +KMOD -IDN2 +IDN -PCRE2 default-hierarchy=hybrid)
[   12.263834] systemd[1]: Detected virtualization oracle.
[   12.265154] systemd[1]: Detected architecture x86-64.

Welcome to [1mUbuntu 18.04.5 LTS[0m!

[   12.273885] systemd[1]: Set hostname to <ubuntu>.
[   12.285311] systemd[1]: Initializing machine ID from random generator.
[   12.287431] systemd[1]: Installed transient /etc/machine-id file.
[   12.750468] systemd[1]: Created slice System Slice.
[[0;32m  OK  [0m] Created slice System Slice.
[   12.753199] systemd[1]: Reached target User and Group Name Lookups.
[[0;32m  OK  [0m] Reached target User and Group Name Lookups.
[   12.755452] systemd[1]: Reached target System Time Synchronized.
[[0;32m  OK  [0m] Reached target System Time Synchronized.
[   12.757612] systemd[1]: Started Forward Password Requests to Wall Directory Watch.
[[0;32m  OK  [0m] Started Forward Password Requests to Wall Directory Watch.
[[0;32m  OK  [0m] Listening on Journal Socket (/dev/log).
[[0;32m  OK  [0m] Listening on Network Service Netlink Socket.
[[0;32m  OK  [0m] Listening on udev Control Socket.
[[0;32m  OK  [0m] Set up automount Arbitrary Executabâ€¦rmats File System Automount Point.
[[0;32m  OK  [0m] Listening on Device-mapper event daemon FIFOs.
[[0;32m  OK  [0m] Listening on Journal Audit Socket.
[[0;32m  OK  [0m] Listening on Journal Socket.
         Mounting Kernel Debug File System...
         Starting Remount Root and Kernel File Systems...
[[0;32m  OK  [0m] Reached target Swap.
[[0;32m  OK  [0m] Listening on LVM2 poll daemon socket.
[[0;32m  OK  [0m] Listening on LVM2 metadata daemon socket.
[[0;32m  OK  [0m] Created slice User and Session Slice.
[[0;32m  OK  [0m] Reached target Slices.
[[0;32m  OK  [0m] Listening on Syslog Socket.
[   12.813869] EXT4-fs (sda1): re-mounted. Opts: (null)
         Mounting Huge Pages File System...
         Starting Create list of required stâ€¦ce nodes for the current kernel...
         Starting Journal Service...
         Starting Load Kernel Modules...
         Mounting POSIX Message Queue File System...
         Starting Set the console keyboard layout...
         Starting Uncomplicated firewall...
[[0;32m  OK  [0m] Created slice system-serial\x2dgetty.slice.
         Starting Monitoring of LVM2 mirrorsâ€¦ng dmeventd or progress polling...
[[0;32m  OK  [0m] Listening on /dev/initctl Compatibility Named Pipe.
[[0;32m  OK  [0m] Listening on udev Kernel Socket.
         Starting udev Coldplug all Devices...
[[0;32m  OK  [0m] Mounted Kernel Debug File System.
[[0;32m  OK  [0m] Started Remount Root and Kernel File Systems.
[[0;32m  OK  [0m] Mounted Huge Pages File System.
[[0;32m  OK  [0m] Started Create list of required staâ€¦vice nodes for the current kernel.
[[0;32m  OK  [0m] Mounted POSIX Message Queue File System.
[[0;32m  OK  [0m] Started Uncomplicated firewall.
         Starting Create Static Device Nodes in /dev...
         Starting Load/Save Random Seed...
[   12.914560] Loading iSCSI transport class v2.0-870.
[[0;32m  OK  [0m] Started Journal Service.
[[0;32m  OK  [0m] Started LVM2 metadata daemon.
         Starting Flush Journal to Persistent Storage...
[[0;32m  OK  [0m] Started Create Static Device Nodes in /dev.
         Starting udev Kernel Device Manager...
[[0;32m  OK  [0m] Started Load/Save Random Seed.
[   13.038116] iscsi: registered transport (tcp)
[   13.077025] systemd-journald[399]: Received request to flush runtime journal from PID 1
[[0;32m  OK  [0m] Started udev Coldplug all Devices.
[   13.137094] iscsi: registered transport (iser)
[[0;32m  OK  [0m] Started Load Kernel Modules.
         Starting Apply Kernel Variables...
         Mounting FUSE Control File System...
         Mounting Kernel Configuration File System...
[[0;32m  OK  [0m] Mounted FUSE Control File System.
[[0;32m  OK  [0m] Mounted Kernel Configuration File System.
[[0;32m  OK  [0m] Started udev Kernel Device Manager.
[[0;32m  OK  [0m] Started Apply Kernel Variables.
[[0;32m  OK  [0m] Started Monitoring of LVM2 mirrors,â€¦sing dmeventd or progress polling.
[[0;32m  OK  [0m] Started Flush Journal to Persistent Storage.
[[0;32m  OK  [0m] Started Set the console keyboard layout.
[[0;32m  OK  [0m] Reached target Local File Systems (Pre).
[[0;32m  OK  [0m] Reached target Local File Systems.
         Starting Set console font and keymap...
         Starting Tell Plymouth To Write Out Runtime Data...
         Starting ebtables ruleset management...
         Starting AppArmor initialization...
         Starting Commit a transient machine-id on disk...
         Starting Create Volatile Files and Directories...
[[0;32m  OK  [0m] Started Dispatch Password Requests to Console Directory Watch.
[[0;32m  OK  [0m] Reached target Local Encrypted Volumes.
[[0;32m  OK  [0m] Started Tell Plymouth To Write Out Runtime Data.
[[0;32m  OK  [0m] Started Set console font and keymap.
[[0;32m  OK  [0m] Started Create Volatile Files and Directories.
         Starting Update UTMP about System Boot/Shutdown...
[[0;32m  OK  [0m] Started Update UTMP about System Boot/Shutdown.
[[0;32m  OK  [0m] Started Commit a transient machine-id on disk.
[[0;32m  OK  [0m] Started ebtables ruleset management.
[[0;32m  OK  [0m] Found device /dev/ttyS0.
[[0;32m  OK  [0m] Listening on Load/Save RF Kill Switch Status /dev/rfkill Watch.
[[0;32m  OK  [0m] Started AppArmor initialization.
         Starting Load AppArmor profiles managed internally by snapd...
         Starting Initial cloud-init job (pre-networking)...
[[0;32m  OK  [0m] Started Load AppArmor profiles managed internally by snapd.
[   16.172023] cloud-init[559]: Cloud-init v. 20.4.1-0ubuntu1~18.04.1 running 'init-local' at Thu, 11 Feb 2021 18:22:49 +0000. Up 15.70 seconds.
[[0;32m  OK  [0m] Started Initial cloud-init job (pre-networking).
[[0;32m  OK  [0m] Reached target Network (Pre).
         Starting Network Service...
[[0;32m  OK  [0m] Started Network Service.
         Starting Wait for Network to be Configured...
         Starting Network Name Resolution...
[[0;32m  OK  [0m] Started Network Name Resolution.
[[0;32m  OK  [0m] Reached target Host and Network Name Lookups.
[[0;32m  OK  [0m] Reached target Network.
[[0;32m  OK  [0m] Started Wait for Network to be Configured.
         Starting Initial cloud-init job (metadata service crawler)...
[   18.334307] cloud-init[682]: Cloud-init v. 20.4.1-0ubuntu1~18.04.1 running 'init' at Thu, 11 Feb 2021 18:22:51 +0000. Up 18.16 seconds.
[   18.337228] cloud-init[682]: ci-info: ++++++++++++++++++++++++++++++++++++++Net device info++++++++++++++++++++++++++++++++++++++
[   18.339846] cloud-init[682]: ci-info: +--------+------+----------------------------+---------------+--------+-------------------+
[   18.342223] cloud-init[682]: ci-info: | Device |  Up  |          Address           |      Mask     | Scope  |     Hw-Address    |
[   18.345130] cloud-init[682]: ci-info: +--------+------+----------------------------+---------------+--------+-------------------+
[   18.348405] cloud-init[682]: ci-info: | enp0s3 | True |         10.0.2.15          | 255.255.255.0 | global | 02:54:31:68:18:3c |
[   18.350233] cloud-init[682]: ci-info: | enp0s3 | True | fe80::54:31ff:fe68:183c/64 |       .       |  link  | 02:54:31:68:18:3c |
[   18.352296] cloud-init[682]: ci-info: |   lo   | True |         127.0.0.1          |   255.0.0.0   |  host  |         .         |
[   18.354534] cloud-init[682]: ci-info: |   lo   | True |          ::1/128           |       .       |  host  |         .         |
[   18.356415] cloud-init[682]: ci-info: +--------+------+----------------------------+---------------+--------+-------------------+
[   18.358347] cloud-init[682]: ci-info: ++++++++++++++++++++++++++++Route IPv4 info+++++++++++++++++++++++++++++
[   18.360088] cloud-init[682]: ci-info: +-------+-------------+----------+-----------------+-----------+-------+
[   18.361893] cloud-init[682]: ci-info: | Route | Destination | Gateway  |     Genmask     | Interface | Flags |
[   18.363565] cloud-init[682]: ci-info: +-------+-------------+----------+-----------------+-----------+-------+
[   18.366449] cloud-init[682]: ci-info: |   0   |   0.0.0.0   | 10.0.2.2 |     0.0.0.0     |   enp0s3  |   UG  |
[   18.367898] cloud-init[682]: ci-info: |   1   |   10.0.2.0  | 0.0.0.0  |  255.255.255.0  |   enp0s3  |   U   |
[   18.369316] cloud-init[682]: ci-info: |   2   |   10.0.2.2  | 0.0.0.0  | 255.255.255.255 |   enp0s3  |   UH  |
[   18.370950] cloud-init[682]: ci-info: +-------+-------------+----------+-----------------+-----------+-------+
[   18.372460] cloud-init[682]: ci-info: +++++++++++++++++++Route IPv6 info+++++++++++++++++++
[   18.373738] cloud-init[682]: ci-info: +-------+-------------+---------+-----------+-------+
[   18.375245] cloud-init[682]: ci-info: | Route | Destination | Gateway | Interface | Flags |
[   18.376863] cloud-init[682]: ci-info: +-------+-------------+---------+-----------+-------+
[   18.378670] cloud-init[682]: ci-info: |   1   |  fe80::/64  |    ::   |   enp0s3  |   U   |
[   18.380564] cloud-init[682]: ci-info: |   3   |    local    |    ::   |   enp0s3  |   U   |
[   18.392207] cloud-init[682]: ci-info: |   4   |   ff00::/8  |    ::   |   enp0s3  |   U   |
[   18.393536] cloud-init[682]: ci-info: +-------+-------------+---------+-----------+-------+
[   20.196539] cloud-init[682]: Generating public/private rsa key pair.
[   20.198045] cloud-init[682]: Your identification has been saved in /etc/ssh/ssh_host_rsa_key.
[   20.199864] cloud-init[682]: Your public key has been saved in /etc/ssh/ssh_host_rsa_key.pub.
[   20.201740] cloud-init[682]: The key fingerprint is:
[   20.203000] cloud-init[682]: SHA256:ZFgy3q2/MphIVcGiPcLmoU/gjnsW+2NZiuvG6AvnUnQ root@ubuntu-bionic
[   20.204707] cloud-init[682]: The key's randomart image is:
[   20.206032] cloud-init[682]: +---[RSA 2048]----+
[   20.207203] cloud-init[682]: |      o.o.       |
[   20.208395] cloud-init[682]: |     ..*o.       |
[   20.209627] cloud-init[682]: |   . ooo+ .      |
[   20.211172] cloud-init[682]: |  o E +o .       |
[   20.212156] cloud-init[682]: | o * + .S        |
[   20.224332] cloud-init[682]: |  = + .  .       |
[   20.225416] cloud-init[682]: |.*.B = o  .      |
[   20.226549] cloud-init[682]: |=oO B o o  .     |
[   20.227572] cloud-init[682]: |oX=+..   o.      |
[   20.240923] cloud-init[682]: +----[SHA256]-----+
[   20.252738] cloud-init[682]: Generating public/private dsa key pair.
[   20.268317] cloud-init[682]: Your identification has been saved in /etc/ssh/ssh_host_dsa_key.
[[0;32m  OK  [0m[   20.270151] cloud-init[682]: Your public key has been saved in /etc/ssh/ssh_host_dsa_key.pub.
[   20.270408] cloud-init[682]: The key fingerprint is:
[   20.270918] cloud-init[682]: SHA256:KaGzf6eFHCGY5zp9QwZuoUA9oAAz3tKK8lZ8pU02KUE root@ubuntu-bionic
[   20.271625] cloud-init[682]: The key's randomart image is:
[   20.272515] cloud-init[682]: +---[DSA 1024]----+
] Started Initial cloud-init job (metadata service crawler).
[   20.278281] cloud-init[682]: |* oo .E          |
[   20.279120] cloud-init[682]: |o=o oo . .       |
[[   20.279513] cloud-init[682]: |.o.oo.B B        |
[   20.285540] cloud-init[682]: |. oo * % +       |
[0;32m  OK  [0m] Reached target System Initialization.
[[   20.286170] cloud-init[682]: |o.  * B S        |
[   20.288552] cloud-init[682]: |.. . B = o       |
[   20.289003] cloud-init[682]: |  o + . = .      |
[   20.289547] cloud-init[682]: | .   o ..o.      |
[   20.290054] cloud-init[682]: |      ...o       |
[   20.290604] cloud-init[682]: +----[SHA256]-----+
[   20.291134] cloud-init[682]: Generating public/private ecdsa key pair.
[   20.291678] cloud-init[682]: Your identification has been saved in /etc/ssh/ssh_host_ecdsa_key.
[   20.292108] cloud-init[682]: Your public key has been saved in /etc/ssh/ssh_host_ecdsa_key.pub.
[   20.292614] cloud-init[682]: The key fingerprint is:
[   20.293187] cloud-init[682]: SHA256:Y0pfNr0DogEGjXEfCxzqWgcv4MRInbqAqFrkjfVgTA8 root@ubuntu-bionic
[   20.293981] cloud-init[682]: The key's randomart image is:
[   20.294817] cloud-init[682]: +---[ECDSA 256]---+
[   20.295311] cloud-init[682]: | .+==..          |
[   20.295742] cloud-init[682]: |+ .*Eo o         |
[   20.296566] cloud-init[682]: |=o+oooo          |
[   20.297449] cloud-init[682]: |*+.+=..    .     |
[   20.298030] cloud-init[682]: |o+==ooo S = .    |
[0;32m  OK  [0m] [   20.298482] cloud-init[682]: |.++o...* = o .   |
[   20.302601] cloud-init[682]: |o.    o .   o    |
[   20.302796] cloud-init[682]: |.            .   |
[   20.303558] cloud-init[682]: |                 |
Started Daily Cleanup of Temporary Directories.
[   20.303982] cloud-init[682]: +----[SHA256]-----+
[[   20.307375] cloud-init[682]: Generating public/private ed25519 key pair.
[   20.307492] cloud-init[682]: Your identification has been saved in /etc/ssh/ssh_host_ed25519_key.
[0;32m  OK  [0m] Listening on ACPID Listen Socket.
[[   20.307977] cloud-init[682]: Your public key has been saved in /etc/ssh/ssh_host_ed25519_key.pub.
[   20.311919] cloud-init[682]: The key fingerprint is:
[   20.312759] cloud-init[682]: SHA256:kSAe5aFu9V9PXw0xtNL182c6QCexBHrjJ+bqr2lHz50 root@ubuntu-bionic
[0;32m  OK  [0m] Listening on UUID daemon activation socket.
         Starting Socket activation for snappy daemon.
[[0;32m  OK  [0m] Started Discard unused blocks once a week.
[[0;32m  OK  [0m] Listening on D-Bus System Message Bus Socket.
[[0;32m  OK  [0m] Started Daily apt download activities.
[   20.313289] cloud-init[682]: The key's randomart image is:
[   20.327441] cloud-init[682]: +--[ED25519 256]--+
         Starting LXD - unix socket.
[   20.331440] cloud-init[682]: |    o.+   ..o.+ .|
[[0;32m  OK  [0m] Started ACPI Events Check.
[[0;32m  OK  [0m] Reached target Paths.
[[0;32m  OK  [0m] Started Message of the Day.
[[0;32m  OK  [0m] Listening on Open-iSCSI iscsid Socket.
[[0;32m  OK  [0m] Started Daily apt upgrade and clean activities.
[[0;32m  OK  [0m] Reached target Timers.
[[0;32m  OK  [0m] Reached target Cloud-config availability.
[[0;32m  OK  [0m] Reached target Network is Online.
[   20.333759] cloud-init[682]: |   . = o o . + =.|
[[0;32m  OK  [0m] Reached target Remote File Systems (Pre).
[[0;32m  OK  [0m] Reached target Remote File Systems.
[   20.344338] cloud-init[682]:          Starting Availability of block devices...
[[0;32m  OK  [0m] Listening on Socket activation for snappy daemon.
[[0;32m  OK  [0m] Listening on LXD - unix socket.
[[0;32m  OK  [0m] Reached target Sockets.
[[0;32m  OK  [0m] Reached target Basic System.
|    o o + o = =..|
[   20.352435] cloud-init         Starting Login Service...
[682]: |   . . . + o + .+|
         Starting Virtualbox guest utils...
         Starting LXD - container startup/shutdown...
[[0;32m  OK  [0m] Started FUSE filesystem for LXC.
[   20.364601] cloud-init[682]: |    o   S + + . *|
         Starting System Logging Service...
[   20.368492] cloud-init[682]: |   .     +.+ + +o|
[   20.369756] cloud-init[682]: |         .oo .+..|         Starting LSB: automatic crash report generation...
[[0;32m  OK  [0m] Started Deferred execution scheduler.

[   20.376567] cloud-init[682]: |        .o. o E. |
[   20.380277] cloud-init[682]: |       o=+.      |
[   20.381475] cloud-init[682]: +----[SHA256]-----+
         Starting Pollinate to seed the pseudo random number generator...
         Starting Dispatcher daemon for systemd-networkd...
[[0;32m  OK  [0m] Started Regular background program processing daemon.
         Starting Accounts Service...
         Starting LSB: Record successful boot for GRUB...
         Starting Snap Daemon...
         Starting Permit User Sessions...
[[0;32m  OK  [0m] Started D-Bus System Message Bus.
[[0;32m  OK  [0m] Started irqbalance daemon.
[[0;32m  OK  [0m] Started System Logging Service.
[[0;32m  OK  [0m] Started Availability of block devices.
[[0;32m  OK  [0m] Started Permit User Sessions.
[[0;32m  OK  [0m] Started Login Service.
         Starting Authorization Manager...
[[0;32m  OK  [0m] Started Unattended Upgrades Shutdown.
         Starting Hold until boot process finishes up...
         Starting Terminate Plymouth Boot Screen...
[[0;32m  OK  [0m] Started Hold until boot process finishes up.
         Starting Set console scheme...
[[0;32m  OK  [0m] Started Serial Getty on ttyS0.
[[0;32m  OK  [0m] Started Terminate Plymouth Boot Screen.
[[0;32m  OK  [0m] Started Set console scheme.
[[0;32m  OK  [0m] Created slice system-getty.slice.
[[0;32m  OK  [0m] Started Getty on tty1.
[[0;32m  OK  [0m] Reached target Login Prompts.
[[0;32m  OK  [0m] Started LSB: automatic crash report generation.
[[0;32m  OK  [0m] Started LSB: Record successful boot for GRUB.
[[0;32m  OK  [0m] Started Authorization Manager.
[[0;32m  OK  [0m] Started Accounts Service.
[[0;32m  OK  [0m] Started Virtualbox guest utils.
[[0;32m  OK  [0m] Started LXD - container startup/shutdown.
[[0;32m  OK  [0m] Started Dispatcher daemon for systemd-networkd.
[[0;32m  OK  [0m] Started Snap Daemon.
         Starting Wait until snapd is fully seeded...
[[0;32m  OK  [0m] Started Pollinate to seed the pseudo random number generator.
         Starting OpenBSD Secure Shell server...
[[0;32m  OK  [0m] Started OpenBSD Secure Shell server.
[[0;32m  OK  [0m] Created slice User Slice of vagrant.
         Starting User Manager for UID 1000...
[[0;32m  OK  [0m] Started Session 1 of user vagrant.
[[0;32m  OK  [0m] Started User Manager for UID 1000.

Ubuntu 18.04.5 LTS ubuntu-bionic ttyS0

ubuntu-bionic login: [   27.895607] cloud-init[1399]: Cloud-init v. 20.4.1-0ubuntu1~18.04.1 running 'modules:config' at Thu, 11 Feb 2021 18:23:00 +0000. Up 27.39 seconds.
ci-info: no authorized SSH keys fingerprints found for user ubuntu.
<14>Feb 11 18:23:02 ec2: 
<14>Feb 11 18:23:02 ec2: #############################################################
<14>Feb 11 18:23:02 ec2: -----BEGIN SSH HOST KEY FINGERPRINTS-----
<14>Feb 11 18:23:02 ec2: 1024 SHA256:KaGzf6eFHCGY5zp9QwZuoUA9oAAz3tKK8lZ8pU02KUE root@ubuntu-bionic (DSA)
<14>Feb 11 18:23:02 ec2: 256 SHA256:Y0pfNr0DogEGjXEfCxzqWgcv4MRInbqAqFrkjfVgTA8 root@ubuntu-bionic (ECDSA)
<14>Feb 11 18:23:02 ec2: 256 SHA256:kSAe5aFu9V9PXw0xtNL182c6QCexBHrjJ+bqr2lHz50 root@ubuntu-bionic (ED25519)
<14>Feb 11 18:23:02 ec2: 2048 SHA256:ZFgy3q2/MphIVcGiPcLmoU/gjnsW+2NZiuvG6AvnUnQ root@ubuntu-bionic (RSA)
<14>Feb 11 18:23:02 ec2: -----END SSH HOST KEY FINGERPRINTS-----
<14>Feb 11 18:23:02 ec2: #############################################################
-----BEGIN SSH HOST KEY KEYS-----
ecdsa-sha2-nistp256 AAAAE2VjZHNhLXNoYTItbmlzdHAyNTYAAAAIbmlzdHAyNTYAAABBBFXuRvw9+GhaC2pkgFHeNTjAr6sgudP/5j5UUtvDYtfaRIfxj4rz10ysITgfJk+Z7uGdaIWrIceDbHXaLpvVcmw= root@ubuntu-bionic
ssh-ed25519 AAAAC3NzaC1lZDI1NTE5AAAAIJjoMIsZgWwjxuNTWNwq6cV478vrfkMCNt5/JJzjSezk root@ubuntu-bionic
ssh-rsa AAAAB3NzaC1yc2EAAAADAQABAAABAQDR+hwzaqZUrpZuB2OQxCxk/85vmTUasj08dV68hxuTkI+0KVi4D1INtVm5kypRBfC/3MsjMbluINYPz+G9jLLy0ivkpS3UwH3tXmTjes+9KoGuhXC5HAhjGattQXAIFLlkL8EcuGli7R0BTZTcgLETrh0K36h49rjSCGXBMWYmzGWJOzAfrkHrQysaEq9xjT0wjaItetNlxR4UISDYMrRWxgdZxOM8F2RsTWtBRjpcPAvzSXuh1HYYBkEZejrde0eD7hwsbIDuVq2JUOoUAJQjCAKURhfcCjCrLtwamqnYTPNe23GKq5bb7Fjbi/0SxWskNWiLTaT18AoD0iJ/b6vF root@ubuntu-bionic
-----END SSH HOST KEY KEYS-----
[   28.978167] cloud-init[1543]: Cloud-init v. 20.4.1-0ubuntu1~18.04.1 running 'modules:final' at Thu, 11 Feb 2021 18:23:02 +0000. Up 28.66 seconds.
[   28.978307] cloud-init[1543]: ci-info: no authorized SSH keys fingerprints found for user ubuntu.
[   28.979180] cloud-init[1543]: Cloud-init v. 20.4.1-0ubuntu1~18.04.1 finished at Thu, 11 Feb 2021 18:23:02 +0000. Datasource DataSourceNoCloud [seed=/dev/sdb][dsmode=net].  Up 28.96 seconds
